exports[`test Correct drawing of PieChart 1`] = `
<canvas
  id="pieChart" />
`;
